// Jest Snapshot v1, https://goo.gl/fbAQLP

exports[`Storyshots Histoslider Open 1`] = `
<div
  style={
    Object {
      "alignItems": "center",
      "bottom": 0,
      "display": "flex",
      "justifyContent": "center",
      "left": 0,
      "position": "fixed",
      "right": 0,
      "top": 0,
    }
  }
>
  <div
    className="Histoslider Histoslider--wrapper"
    style={
      Object {
        "boxSizing": "border-box",
        "padding": 20,
        "width": 400,
      }
    }
  >
    <div>
      <svg
        height={135}
        style={
          Object {
            "display": "block",
          }
        }
        width={360}
      >
        <g
          transform="translate(0, 135)"
        >
          <g
            transform="scale(1,-1)"
          >
            <g
              transform="translate(1.5 0)"
            >
              <rect
                fill="#DDDDDD"
                height={135}
                rx={2}
                ry={2}
                width={87}
                x={0}
              />
              <rect
                fill="#0074D9"
                height={135}
                onClick={[Function]}
                onDoubleClick={[Function]}
                rx={2}
                ry={2}
                style={
                  Object {
                    "cursor": "pointer",
                    "opacity": 1,
                  }
                }
                width={87}
                x={0}
              />
            </g>
            <g
              transform="translate(91.5 0)"
            >
              <rect
                fill="#DDDDDD"
                height={33.75}
                rx={2}
                ry={2}
                width={87}
                x={0}
              />
              <rect
                fill="#0074D9"
                height={33.75}
                onClick={[Function]}
                onDoubleClick={[Function]}
                rx={2}
                ry={2}
                style={
                  Object {
                    "cursor": "pointer",
                    "opacity": 1,
                  }
                }
                width={87}
                x={0}
              />
            </g>
            <g
              transform="translate(181.5 0)"
            >
              <rect
                fill="#DDDDDD"
                height={0}
                rx={2}
                ry={2}
                width={87}
                x={0}
              />
              <rect
                fill="#0074D9"
                height={0}
                onClick={[Function]}
                onDoubleClick={[Function]}
                rx={2}
                ry={2}
                style={
                  Object {
                    "cursor": "pointer",
                    "opacity": 1,
                  }
                }
                width={87}
                x={0}
              />
            </g>
            <g
              transform="translate(271.5 0)"
            >
              <rect
                fill="#DDDDDD"
                height={33.75}
                rx={2}
                ry={2}
                width={87}
                x={0}
              />
              <rect
                fill="#0074D9"
                height={33.75}
                onClick={[Function]}
                onDoubleClick={[Function]}
                rx={2}
                ry={2}
                style={
                  Object {
                    "cursor": "pointer",
                    "opacity": 1,
                  }
                }
                width={87}
                x={0}
              />
            </g>
          </g>
        </g>
      </svg>
    </div>
    <svg
      height={25}
      onDoubleClick={[Function]}
      onMouseDown={[Function]}
      onMouseMove={[Function]}
      style={
        Object {
          "display": "block",
          "overflow": "visible",
          "paddingBottom": "8px",
          "zIndex": "2",
        }
      }
      width={360}
    >
      <rect
        fill="#DDDDDD"
        height={4}
        width={360}
        x={0}
        y={10}
      />
      <rect
        fill="#0074D9"
        height={4}
        width={360}
        x={0}
        y={10}
      />
      <g
        onKeyDown={[Function]}
        tabIndex={0}
        transform="translate(0, 0)"
      >
        <circle
          cx={0}
          cy={12.5}
          fill="#ddd"
          r={10}
          strokeWidth="1"
          style={
            Object {
              "KhtmlUserSelect": "none",
              "MozUserSelect": "none",
              "OUserSelect": "none",
              "WebkitUserSelect": "none",
              "cursor": "move",
              "userSekect": "none",
            }
          }
        />
        <circle
          cx={0}
          cy={12}
          fill="white"
          onMouseDown={[Function]}
          r={9}
          stroke="#ccc"
          strokeWidth="1"
          style={
            Object {
              "KhtmlUserSelect": "none",
              "MozUserSelect": "none",
              "OUserSelect": "none",
              "WebkitUserSelect": "none",
              "cursor": "move",
              "userSekect": "none",
            }
          }
        />
        <text
          fill="#666"
          fontSize={12}
          style={
            Object {
              "KhtmlUserSelect": "none",
              "MozUserSelect": "none",
              "OUserSelect": "none",
              "WebkitUserSelect": "none",
              "cursor": "move",
              "userSekect": "none",
            }
          }
          textAnchor="middle"
          x={0}
          y={36}
        >
          0
        </text>
      </g>
      <g
        onKeyDown={[Function]}
        tabIndex={0}
        transform="translate(360, 0)"
      >
        <circle
          cx={0}
          cy={12.5}
          fill="#ddd"
          r={10}
          strokeWidth="1"
          style={
            Object {
              "KhtmlUserSelect": "none",
              "MozUserSelect": "none",
              "OUserSelect": "none",
              "WebkitUserSelect": "none",
              "cursor": "move",
              "userSekect": "none",
            }
          }
        />
        <circle
          cx={0}
          cy={12}
          fill="white"
          onMouseDown={[Function]}
          r={9}
          stroke="#ccc"
          strokeWidth="1"
          style={
            Object {
              "KhtmlUserSelect": "none",
              "MozUserSelect": "none",
              "OUserSelect": "none",
              "WebkitUserSelect": "none",
              "cursor": "move",
              "userSekect": "none",
            }
          }
        />
        <text
          fill="#666"
          fontSize={12}
          style={
            Object {
              "KhtmlUserSelect": "none",
              "MozUserSelect": "none",
              "OUserSelect": "none",
              "WebkitUserSelect": "none",
              "cursor": "move",
              "userSekect": "none",
            }
          }
          textAnchor="middle"
          x={0}
          y={36}
        >
          4
        </text>
      </g>
    </svg>
  </div>
</div>
`;

exports[`Storyshots Histoslider Show on drag 1`] = `
<div
  style={
    Object {
      "alignItems": "center",
      "bottom": 0,
      "display": "flex",
      "justifyContent": "center",
      "left": 0,
      "position": "fixed",
      "right": 0,
      "top": 0,
    }
  }
>
  <div
    className="Histoslider Histoslider--wrapper"
    style={
      Object {
        "boxSizing": "border-box",
        "padding": 20,
        "width": 400,
      }
    }
  >
    <div>
      <svg
        height={135}
        style={
          Object {
            "display": "block",
          }
        }
        width={360}
      >
        <g
          transform="translate(0, 135)"
        >
          <g
            transform="scale(1,-1)"
          >
            <g
              transform="translate(1.5 0)"
            >
              <rect
                fill="#DDDDDD"
                height={135}
                rx={2}
                ry={2}
                width={87}
                x={0}
              />
              <rect
                fill="#0074D9"
                height={135}
                onClick={[Function]}
                onDoubleClick={[Function]}
                rx={2}
                ry={2}
                style={
                  Object {
                    "cursor": "pointer",
                    "opacity": 1,
                  }
                }
                width={87}
                x={0}
              />
            </g>
            <g
              transform="translate(91.5 0)"
            >
              <rect
                fill="#DDDDDD"
                height={33.75}
                rx={2}
                ry={2}
                width={87}
                x={0}
              />
              <rect
                fill="#0074D9"
                height={33.75}
                onClick={[Function]}
                onDoubleClick={[Function]}
                rx={2}
                ry={2}
                style={
                  Object {
                    "cursor": "pointer",
                    "opacity": 1,
                  }
                }
                width={87}
                x={0}
              />
            </g>
            <g
              transform="translate(181.5 0)"
            >
              <rect
                fill="#DDDDDD"
                height={0}
                rx={2}
                ry={2}
                width={87}
                x={0}
              />
              <rect
                fill="#0074D9"
                height={0}
                onClick={[Function]}
                onDoubleClick={[Function]}
                rx={2}
                ry={2}
                style={
                  Object {
                    "cursor": "pointer",
                    "opacity": 1,
                  }
                }
                width={87}
                x={0}
              />
            </g>
            <g
              transform="translate(271.5 0)"
            >
              <rect
                fill="#DDDDDD"
                height={33.75}
                rx={2}
                ry={2}
                width={87}
                x={0}
              />
              <rect
                fill="#0074D9"
                height={33.75}
                onClick={[Function]}
                onDoubleClick={[Function]}
                rx={2}
                ry={2}
                style={
                  Object {
                    "cursor": "pointer",
                    "opacity": 1,
                  }
                }
                width={87}
                x={0}
              />
            </g>
          </g>
        </g>
      </svg>
    </div>
    <svg
      height={25}
      onDoubleClick={[Function]}
      onMouseDown={[Function]}
      onMouseMove={[Function]}
      style={
        Object {
          "display": "block",
          "overflow": "visible",
          "paddingBottom": "8px",
          "zIndex": "2",
        }
      }
      width={360}
    >
      <rect
        fill="#DDDDDD"
        height={4}
        width={360}
        x={0}
        y={10}
      />
      <rect
        fill="#0074D9"
        height={4}
        width={360}
        x={0}
        y={10}
      />
      <g
        onKeyDown={[Function]}
        tabIndex={0}
        transform="translate(0, 0)"
      >
        <circle
          cx={0}
          cy={12.5}
          fill="#ddd"
          r={10}
          strokeWidth="1"
          style={
            Object {
              "KhtmlUserSelect": "none",
              "MozUserSelect": "none",
              "OUserSelect": "none",
              "WebkitUserSelect": "none",
              "cursor": "move",
              "userSekect": "none",
            }
          }
        />
        <circle
          cx={0}
          cy={12}
          fill="white"
          onMouseDown={[Function]}
          r={9}
          stroke="#ccc"
          strokeWidth="1"
          style={
            Object {
              "KhtmlUserSelect": "none",
              "MozUserSelect": "none",
              "OUserSelect": "none",
              "WebkitUserSelect": "none",
              "cursor": "move",
              "userSekect": "none",
            }
          }
        />
        <text
          fill="#666"
          fontSize={12}
          style={
            Object {
              "KhtmlUserSelect": "none",
              "MozUserSelect": "none",
              "OUserSelect": "none",
              "WebkitUserSelect": "none",
              "cursor": "move",
              "userSekect": "none",
            }
          }
          textAnchor="middle"
          x={0}
          y={36}
        >
          0
        </text>
      </g>
      <g
        onKeyDown={[Function]}
        tabIndex={0}
        transform="translate(360, 0)"
      >
        <circle
          cx={0}
          cy={12.5}
          fill="#ddd"
          r={10}
          strokeWidth="1"
          style={
            Object {
              "KhtmlUserSelect": "none",
              "MozUserSelect": "none",
              "OUserSelect": "none",
              "WebkitUserSelect": "none",
              "cursor": "move",
              "userSekect": "none",
            }
          }
        />
        <circle
          cx={0}
          cy={12}
          fill="white"
          onMouseDown={[Function]}
          r={9}
          stroke="#ccc"
          strokeWidth="1"
          style={
            Object {
              "KhtmlUserSelect": "none",
              "MozUserSelect": "none",
              "OUserSelect": "none",
              "WebkitUserSelect": "none",
              "cursor": "move",
              "userSekect": "none",
            }
          }
        />
        <text
          fill="#666"
          fontSize={12}
          style={
            Object {
              "KhtmlUserSelect": "none",
              "MozUserSelect": "none",
              "OUserSelect": "none",
              "WebkitUserSelect": "none",
              "cursor": "move",
              "userSekect": "none",
            }
          }
          textAnchor="middle"
          x={0}
          y={36}
        >
          4
        </text>
      </g>
    </svg>
  </div>
</div>
`;
